// Jest Snapshot v1, https://goo.gl/fbAQLP

exports[`renders Loading  correctly 1`] = `
<div
  className="container"
>
  <div
    className="loading"
  >
    <span>
      Loading ...
    </span>
    <div
      className="sc-jSgupP Cjkqn"
      color="#10BBB5"
      size={46}
    >
      <div />
    </div>
  </div>
</div>
`;
